// Jest Snapshot v1, https://goo.gl/fbAQLP

exports[`should render correctly without crashing 1`] = `
<Switch>
  <Route
    component={[Function]}
    path="/"
  />
</Switch>
`;
