// Jest Snapshot v1, https://goo.gl/fbAQLP

exports[`renders correctly 1`] = `
<Styled(div)>
  <div />
  <Styled(img)
    alt=""
    src="avatar.jpg"
  />
</Styled(div)>
`;
